{"synthetic": false,
 "schemaVersion": "2025-09-10",
 "outputs":
 {"o": ["c1394b0e90f7b7b2.olean"],
  "m": false,
  "i": "a1bcbab41b738bbe.ilean",
  "c": "b622d7cc986c1b56.c"},
 "log":
 [{"message":
   ".> LEAN_PATH=G:\\code\\guide\\lean4\\.lake\\build\\lib\\lean g:\\lean\\toolchains\\leanprover--lean4---v4.33.1\\bin\\lean.exe G:\\code\\guide\\lean4\\Lean4Tutorial\\Examples\\Typeclasses\\TypeclassInheritance.lean -o G:\\code\\guide\\lean4\\.lake\\build\\lib\\lean\\Lean4Tutorial\\Examples\\Typeclasses\\TypeclassInheritance.olean -i G:\\code\\guide\\lean4\\.lake\\build\\lib\\lean\\Lean4Tutorial\\Examples\\Typeclasses\\TypeclassInheritance.ilean -c G:\\code\\guide\\lean4\\.lake\\build\\ir\\Lean4Tutorial\\Examples\\Typeclasses\\TypeclassInheritance.c --setup G:\\code\\guide\\lean4\\.lake\\build\\ir\\Lean4Tutorial\\Examples\\Typeclasses\\TypeclassInheritance.setup.json --json",
   "level": "trace"},
  {"message":
   "Lean4Tutorial/Examples/Typeclasses/TypeclassInheritance.lean:58:8: declaration uses `sorry`",
   "level": "warning"},
  {"message":
   "Lean4Tutorial/Examples/Typeclasses/TypeclassInheritance.lean:62:8: declaration uses `sorry`",
   "level": "warning"}],
 "inputs":
 [["deps",
   [["«lean4-tutorial»/Lean4Tutorial:extraDep",
     [["@«lean4-tutorial»:extraDep", "00000000000006bb"]]],
    ["imports", "00000000000006bb"]]],
  ["libs",
   [["import dynlibs", "00000000000006bb"],
    ["package external libraries", "00000000000006bb"],
    ["module dynlibs", "00000000000006bb"],
    ["module plugins", "00000000000006bb"]]],
  ["Lean 4.33.1, commit 819816b2e0a3bf405af45ae5c7af2491d8f5bee6",
   "0051240b7c23c453"],
  ["G:\\code\\guide\\lean4\\Lean4Tutorial\\Examples\\Typeclasses\\TypeclassInheritance.lean",
   "a80352ea38f58803"],
  ["options", "00000000000006bb"],
  ["isModule: false", "feefd2a0d3a1847e"],
  ["Module.name: Lean4Tutorial.Examples.Typeclasses.TypeclassInheritance",
   "fa298aaa9ed0b11c"],
  ["Package.id?: (some lean4-tutorial)", "ff0406450144e43f"],
  ["Module.leanArgs: #[]", "00000000000006bb"]],
 "depHash": "44e19dba515dee66"}