{"synthetic": false,
 "schemaVersion": "2025-09-10",
 "outputs":
 {"o": ["950e6e805611a331.olean"],
  "m": false,
  "i": "dfe5badb106dd08e.ilean",
  "c": "a9cce1469e199093.c"},
 "log":
 [{"message":
   ".> LEAN_PATH=G:\\code\\guide\\lean4\\.lake\\build\\lib\\lean g:\\lean\\toolchains\\leanprover--lean4---v4.33.1\\bin\\lean.exe G:\\code\\guide\\lean4\\Lean4Tutorial\\Examples\\Structures\\BasicStructures.lean -o G:\\code\\guide\\lean4\\.lake\\build\\lib\\lean\\Lean4Tutorial\\Examples\\Structures\\BasicStructures.olean -i G:\\code\\guide\\lean4\\.lake\\build\\lib\\lean\\Lean4Tutorial\\Examples\\Structures\\BasicStructures.ilean -c G:\\code\\guide\\lean4\\.lake\\build\\ir\\Lean4Tutorial\\Examples\\Structures\\BasicStructures.c --setup G:\\code\\guide\\lean4\\.lake\\build\\ir\\Lean4Tutorial\\Examples\\Structures\\BasicStructures.setup.json --json",
   "level": "trace"},
  {"message":
   "Lean4Tutorial/Examples/Structures/BasicStructures.lean:170:14: This simp argument is unused:\n  Person.mk\n\nHint: Omit it from the simp argument list.\n  [apply] simp at h ⊢\n\nNote: This linter can be disabled with `set_option linter.unusedSimpArgs false`",
   "level": "warning"},
  {"message":
   "Lean4Tutorial/Examples/Structures/BasicStructures.lean:209:8: declaration uses `sorry`",
   "level": "warning"},
  {"message":
   "Lean4Tutorial/Examples/Structures/BasicStructures.lean:212:8: declaration uses `sorry`",
   "level": "warning"},
  {"message":
   "Lean4Tutorial/Examples/Structures/BasicStructures.lean:237:4: declaration uses `sorry`",
   "level": "warning"},
  {"message":
   "Lean4Tutorial/Examples/Structures/BasicStructures.lean:263:0: Definition `vec3_len_eq` is a proposition; use `theorem` instead of `def`\n\nNote: This linter can be disabled with `set_option linter.defProp false`",
   "level": "warning"}],
 "inputs":
 [["deps",
   [["«lean4-tutorial»/Lean4Tutorial:extraDep",
     [["@«lean4-tutorial»:extraDep", "00000000000006bb"]]],
    ["imports", "00000000000006bb"]]],
  ["libs",
   [["import dynlibs", "00000000000006bb"],
    ["package external libraries", "00000000000006bb"],
    ["module dynlibs", "00000000000006bb"],
    ["module plugins", "00000000000006bb"]]],
  ["Lean 4.33.1, commit 819816b2e0a3bf405af45ae5c7af2491d8f5bee6",
   "0051240b7c23c453"],
  ["G:\\code\\guide\\lean4\\Lean4Tutorial\\Examples\\Structures\\BasicStructures.lean",
   "309568426cb02f3e"],
  ["options", "00000000000006bb"],
  ["isModule: false", "feefd2a0d3a1847e"],
  ["Module.name: Lean4Tutorial.Examples.Structures.BasicStructures",
   "2f25a465a23a8a2b"],
  ["Package.id?: (some lean4-tutorial)", "ff0406450144e43f"],
  ["Module.leanArgs: #[]", "00000000000006bb"]],
 "depHash": "f2b5d066f44295d8"}