{"synthetic": false,
 "schemaVersion": "2025-09-10",
 "outputs":
 {"o": ["faeb27896110d943.olean"],
  "m": false,
  "i": "f0eadb5f69e9b411.ilean",
  "c": "c6091f71156cf229.c"},
 "log":
 [{"message":
   ".> LEAN_PATH=G:\\code\\guide\\lean4\\.lake\\build\\lib\\lean g:\\lean\\toolchains\\leanprover--lean4---v4.33.1\\bin\\lean.exe G:\\code\\guide\\lean4\\Lean4Tutorial\\Examples\\InductiveTypes\\Enums.lean -o G:\\code\\guide\\lean4\\.lake\\build\\lib\\lean\\Lean4Tutorial\\Examples\\InductiveTypes\\Enums.olean -i G:\\code\\guide\\lean4\\.lake\\build\\lib\\lean\\Lean4Tutorial\\Examples\\InductiveTypes\\Enums.ilean -c G:\\code\\guide\\lean4\\.lake\\build\\ir\\Lean4Tutorial\\Examples\\InductiveTypes\\Enums.c --setup G:\\code\\guide\\lean4\\.lake\\build\\ir\\Lean4Tutorial\\Examples\\InductiveTypes\\Enums.setup.json --json",
   "level": "trace"},
  {"message":
   "Lean4Tutorial/Examples/InductiveTypes/Enums.lean:219:0: Definition `allWeekdays_length` is a proposition; use `theorem` instead of `def`\n\nNote: This linter can be disabled with `set_option linter.defProp false`",
   "level": "warning"}],
 "inputs":
 [["deps",
   [["«lean4-tutorial»/Lean4Tutorial:extraDep",
     [["@«lean4-tutorial»:extraDep", "00000000000006bb"]]],
    ["imports", "00000000000006bb"]]],
  ["libs",
   [["import dynlibs", "00000000000006bb"],
    ["package external libraries", "00000000000006bb"],
    ["module dynlibs", "00000000000006bb"],
    ["module plugins", "00000000000006bb"]]],
  ["Lean 4.33.1, commit 819816b2e0a3bf405af45ae5c7af2491d8f5bee6",
   "0051240b7c23c453"],
  ["G:\\code\\guide\\lean4\\Lean4Tutorial\\Examples\\InductiveTypes\\Enums.lean",
   "95ad8c2cb5ab3de1"],
  ["options", "00000000000006bb"],
  ["isModule: false", "feefd2a0d3a1847e"],
  ["Module.name: Lean4Tutorial.Examples.InductiveTypes.Enums",
   "5dda0761bd32b269"],
  ["Package.id?: (some lean4-tutorial)", "ff0406450144e43f"],
  ["Module.leanArgs: #[]", "00000000000006bb"]],
 "depHash": "357867c516e5c760"}