{"synthetic": false,
 "schemaVersion": "2025-09-10",
 "outputs":
 {"o": ["adc8be3d532ca86c.olean"],
  "m": false,
  "i": "9eb538f714cdb527.ilean",
  "c": "05fc7a7df5196887.c"},
 "log":
 [{"message":
   ".> LEAN_PATH=G:\\code\\guide\\lean4\\.lake\\build\\lib\\lean g:\\lean\\toolchains\\leanprover--lean4---v4.33.1\\bin\\lean.exe G:\\code\\guide\\lean4\\Lean4Tutorial\\Examples\\ModulesProjects\\SectionsVariables.lean -o G:\\code\\guide\\lean4\\.lake\\build\\lib\\lean\\Lean4Tutorial\\Examples\\ModulesProjects\\SectionsVariables.olean -i G:\\code\\guide\\lean4\\.lake\\build\\lib\\lean\\Lean4Tutorial\\Examples\\ModulesProjects\\SectionsVariables.ilean -c G:\\code\\guide\\lean4\\.lake\\build\\ir\\Lean4Tutorial\\Examples\\ModulesProjects\\SectionsVariables.c --setup G:\\code\\guide\\lean4\\.lake\\build\\ir\\Lean4Tutorial\\Examples\\ModulesProjects\\SectionsVariables.setup.json --json",
   "level": "trace"},
  {"message":
   "Lean4Tutorial/Examples/ModulesProjects/SectionsVariables.lean:32:0: Lean4Tutorial.Examples.ModulesProjects.SectionsVariables.sum (x y : Nat) : Nat",
   "level": "info"},
  {"message":
   "Lean4Tutorial/Examples/ModulesProjects/SectionsVariables.lean:33:0: Lean4Tutorial.Examples.ModulesProjects.SectionsVariables.product (x y : Nat) : Nat",
   "level": "info"},
  {"message":
   "Lean4Tutorial/Examples/ModulesProjects/SectionsVariables.lean:291:12: This simp argument is unused:\n  ih\n\nHint: Omit it from the simp argument list.\n  [apply] simp\n\nNote: This linter can be disabled with `set_option linter.unusedSimpArgs false`",
   "level": "warning"}],
 "inputs":
 [["deps",
   [["«lean4-tutorial»/Lean4Tutorial:extraDep",
     [["@«lean4-tutorial»:extraDep", "00000000000006bb"]]],
    ["imports", "00000000000006bb"]]],
  ["libs",
   [["import dynlibs", "00000000000006bb"],
    ["package external libraries", "00000000000006bb"],
    ["module dynlibs", "00000000000006bb"],
    ["module plugins", "00000000000006bb"]]],
  ["Lean 4.33.1, commit 819816b2e0a3bf405af45ae5c7af2491d8f5bee6",
   "0051240b7c23c453"],
  ["G:\\code\\guide\\lean4\\Lean4Tutorial\\Examples\\ModulesProjects\\SectionsVariables.lean",
   "d6fde67335e4cbce"],
  ["options", "00000000000006bb"],
  ["isModule: false", "feefd2a0d3a1847e"],
  ["Module.name: Lean4Tutorial.Examples.ModulesProjects.SectionsVariables",
   "e0fef328032ecb71"],
  ["Package.id?: (some lean4-tutorial)", "ff0406450144e43f"],
  ["Module.leanArgs: #[]", "00000000000006bb"]],
 "depHash": "3f23d596399fbf89"}