{"synthetic": false,
 "schemaVersion": "2025-09-10",
 "outputs":
 {"o": ["5fe8b72c306a0bb7.olean"],
  "m": false,
  "i": "bf63038165c142ed.ilean",
  "c": "a31d7af06103cc5e.c"},
 "log":
 [{"message":
   ".> LEAN_PATH=G:\\code\\guide\\lean4\\.lake\\build\\lib\\lean g:\\lean\\toolchains\\leanprover--lean4---v4.33.1\\bin\\lean.exe G:\\code\\guide\\lean4\\Lean4Tutorial\\Examples\\Tactics\\BasicTactics.lean -o G:\\code\\guide\\lean4\\.lake\\build\\lib\\lean\\Lean4Tutorial\\Examples\\Tactics\\BasicTactics.olean -i G:\\code\\guide\\lean4\\.lake\\build\\lib\\lean\\Lean4Tutorial\\Examples\\Tactics\\BasicTactics.ilean -c G:\\code\\guide\\lean4\\.lake\\build\\ir\\Lean4Tutorial\\Examples\\Tactics\\BasicTactics.c --setup G:\\code\\guide\\lean4\\.lake\\build\\ir\\Lean4Tutorial\\Examples\\Tactics\\BasicTactics.setup.json --json",
   "level": "trace"}],
 "inputs":
 [["deps",
   [["«lean4-tutorial»/Lean4Tutorial:extraDep",
     [["@«lean4-tutorial»:extraDep", "00000000000006bb"]]],
    ["imports", "00000000000006bb"]]],
  ["libs",
   [["import dynlibs", "00000000000006bb"],
    ["package external libraries", "00000000000006bb"],
    ["module dynlibs", "00000000000006bb"],
    ["module plugins", "00000000000006bb"]]],
  ["Lean 4.33.1, commit 819816b2e0a3bf405af45ae5c7af2491d8f5bee6",
   "0051240b7c23c453"],
  ["G:\\code\\guide\\lean4\\Lean4Tutorial\\Examples\\Tactics\\BasicTactics.lean",
   "95e19c6bc2a1939e"],
  ["options", "00000000000006bb"],
  ["isModule: false", "feefd2a0d3a1847e"],
  ["Module.name: Lean4Tutorial.Examples.Tactics.BasicTactics",
   "5f26d5651b18cc64"],
  ["Package.id?: (some lean4-tutorial)", "ff0406450144e43f"],
  ["Module.leanArgs: #[]", "00000000000006bb"]],
 "depHash": "b7e24eabbe2b99bd"}