{"synthetic": false,
 "schemaVersion": "2025-09-10",
 "outputs":
 {"o": ["89aad6aba1482890.olean"],
  "m": false,
  "i": "deb2749e66437552.ilean",
  "c": "0bfcbd638d1e5dfb.c"},
 "log":
 [{"message":
   ".> LEAN_PATH=G:\\code\\guide\\lean4\\.lake\\build\\lib\\lean g:\\lean\\toolchains\\leanprover--lean4---v4.33.1\\bin\\lean.exe G:\\code\\guide\\lean4\\Lean4Tutorial\\Examples\\PatternMatching\\MatchBasics.lean -o G:\\code\\guide\\lean4\\.lake\\build\\lib\\lean\\Lean4Tutorial\\Examples\\PatternMatching\\MatchBasics.olean -i G:\\code\\guide\\lean4\\.lake\\build\\lib\\lean\\Lean4Tutorial\\Examples\\PatternMatching\\MatchBasics.ilean -c G:\\code\\guide\\lean4\\.lake\\build\\ir\\Lean4Tutorial\\Examples\\PatternMatching\\MatchBasics.c --setup G:\\code\\guide\\lean4\\.lake\\build\\ir\\Lean4Tutorial\\Examples\\PatternMatching\\MatchBasics.setup.json --json",
   "level": "trace"}],
 "inputs":
 [["deps",
   [["«lean4-tutorial»/Lean4Tutorial:extraDep",
     [["@«lean4-tutorial»:extraDep", "00000000000006bb"]]],
    ["imports", "00000000000006bb"]]],
  ["libs",
   [["import dynlibs", "00000000000006bb"],
    ["package external libraries", "00000000000006bb"],
    ["module dynlibs", "00000000000006bb"],
    ["module plugins", "00000000000006bb"]]],
  ["Lean 4.33.1, commit 819816b2e0a3bf405af45ae5c7af2491d8f5bee6",
   "0051240b7c23c453"],
  ["G:\\code\\guide\\lean4\\Lean4Tutorial\\Examples\\PatternMatching\\MatchBasics.lean",
   "a82e0f68fa87730d"],
  ["options", "00000000000006bb"],
  ["isModule: false", "feefd2a0d3a1847e"],
  ["Module.name: Lean4Tutorial.Examples.PatternMatching.MatchBasics",
   "43de58a25aa6a11d"],
  ["Package.id?: (some lean4-tutorial)", "ff0406450144e43f"],
  ["Module.leanArgs: #[]", "00000000000006bb"]],
 "depHash": "61efdbacd47f7e13"}