{"synthetic": false,
 "schemaVersion": "2025-09-10",
 "outputs":
 {"o": ["52f40559c1b89c0a.olean"],
  "m": false,
  "i": "196a2766f771dea5.ilean",
  "c": "fb16d63706532ac4.c"},
 "log":
 [{"message":
   ".> LEAN_PATH=G:\\code\\guide\\lean4\\.lake\\build\\lib\\lean g:\\lean\\toolchains\\leanprover--lean4---v4.33.1\\bin\\lean.exe G:\\code\\guide\\lean4\\Lean4Tutorial\\Examples\\PatternMatching\\WellFounded.lean -o G:\\code\\guide\\lean4\\.lake\\build\\lib\\lean\\Lean4Tutorial\\Examples\\PatternMatching\\WellFounded.olean -i G:\\code\\guide\\lean4\\.lake\\build\\lib\\lean\\Lean4Tutorial\\Examples\\PatternMatching\\WellFounded.ilean -c G:\\code\\guide\\lean4\\.lake\\build\\ir\\Lean4Tutorial\\Examples\\PatternMatching\\WellFounded.c --setup G:\\code\\guide\\lean4\\.lake\\build\\ir\\Lean4Tutorial\\Examples\\PatternMatching\\WellFounded.setup.json --json",
   "level": "trace"}],
 "inputs":
 [["deps",
   [["«lean4-tutorial»/Lean4Tutorial:extraDep",
     [["@«lean4-tutorial»:extraDep", "00000000000006bb"]]],
    ["imports", "00000000000006bb"]]],
  ["libs",
   [["import dynlibs", "00000000000006bb"],
    ["package external libraries", "00000000000006bb"],
    ["module dynlibs", "00000000000006bb"],
    ["module plugins", "00000000000006bb"]]],
  ["Lean 4.33.1, commit 819816b2e0a3bf405af45ae5c7af2491d8f5bee6",
   "0051240b7c23c453"],
  ["G:\\code\\guide\\lean4\\Lean4Tutorial\\Examples\\PatternMatching\\WellFounded.lean",
   "e346a8e4ba9fa318"],
  ["options", "00000000000006bb"],
  ["isModule: false", "feefd2a0d3a1847e"],
  ["Module.name: Lean4Tutorial.Examples.PatternMatching.WellFounded",
   "533a225156e9d25f"],
  ["Package.id?: (some lean4-tutorial)", "ff0406450144e43f"],
  ["Module.leanArgs: #[]", "00000000000006bb"]],
 "depHash": "0eb027726dfb39a3"}